entry-1
... 99 entries skipped
1/100 entries matched
