... 99 entries skipped
entry-100
1/100 entries matched
