... 95 entries skipped
entry-96
entry-97
entry-98
entry-99
entry-100
5/100 entries matched
